Component: ARM Compiler 5.06 (build 20) Tool: armlink [4d35a3]

==============================================================================

Section Cross References

    main.o(.text) refers to printf8.o(i.__0printf$8) for __2printf
    main.o(.text) refers to hal_cpu.o(.text) for HalCpuInit
    main.o(.text) refers to hal_uart.o(.text) for hal_uart_getinstance
    main.o(.text) refers to application.o(.text) for application_init
    main.o(.text) refers to osal_task.o(.text) for osal_task_run
    system_stm32f10x.o(.text) refers to system_stm32f10x.o(.data) for SystemCoreClock
    startup_stm32f10x_hd.o(RESET) refers to startup_stm32f10x_hd.o(STACK) for __initial_sp
    startup_stm32f10x_hd.o(RESET) refers to startup_stm32f10x_hd.o(.text) for Reset_Handler
    startup_stm32f10x_hd.o(RESET) refers to stm32f10x_it.o(.text) for NMI_Handler
    startup_stm32f10x_hd.o(RESET) refers to hal_rtc.o(.text) for RTC_IRQHandler
    startup_stm32f10x_hd.o(RESET) refers to hal_exti.o(.text) for EXTI0_IRQHandler
    startup_stm32f10x_hd.o(RESET) refers to hal_timer.o(.text) for TIM2_IRQHandler
    startup_stm32f10x_hd.o(RESET) refers to hal_uart.o(.text) for USART1_IRQHandler
    startup_stm32f10x_hd.o(.text) refers to system_stm32f10x.o(.text) for SystemInit
    startup_stm32f10x_hd.o(.text) refers to entry.o(.ARM.Collect$$$$00000000) for __main
    misc.o(.text) refers to cortexm3_macro.o(.text) for __SETPRIMASK
    stm32f10x_adc.o(.text) refers to stm32f10x_rcc.o(.text) for RCC_APB2PeriphResetCmd
    stm32f10x_bkp.o(.text) refers to stm32f10x_rcc.o(.text) for RCC_BackupResetCmd
    stm32f10x_can.o(.text) refers to stm32f10x_rcc.o(.text) for RCC_APB1PeriphResetCmd
    stm32f10x_cec.o(.text) refers to stm32f10x_rcc.o(.text) for RCC_APB1PeriphResetCmd
    stm32f10x_dac.o(.text) refers to stm32f10x_rcc.o(.text) for RCC_APB1PeriphResetCmd
    stm32f10x_gpio.o(.text) refers to stm32f10x_rcc.o(.text) for RCC_APB2PeriphResetCmd
    stm32f10x_i2c.o(.text) refers to stm32f10x_rcc.o(.text) for RCC_APB1PeriphResetCmd
    stm32f10x_pwr.o(.text) refers to stm32f10x_rcc.o(.text) for RCC_APB1PeriphResetCmd
    stm32f10x_rcc.o(.text) refers to stm32f10x_rcc.o(.data) for APBAHBPrescTable
    stm32f10x_spi.o(.text) refers to stm32f10x_rcc.o(.text) for RCC_APB2PeriphResetCmd
    stm32f10x_tim.o(.text) refers to stm32f10x_rcc.o(.text) for RCC_APB2PeriphResetCmd
    stm32f10x_usart.o(.text) refers to stm32f10x_rcc.o(.text) for RCC_APB2PeriphResetCmd
    stm32f10x_wwdg.o(.text) refers to stm32f10x_rcc.o(.text) for RCC_APB1PeriphResetCmd
    hal_cpu.o(.text) refers to stm32f10x_rcc.o(.text) for RCC_DeInit
    hal_cpu.o(.text) refers to stm32f10x_flash.o(.text) for FLASH_SetLatency
    hal_cpu.o(.text) refers to stm32f10x_gpio.o(.text) for GPIO_PinRemapConfig
    hal_cpu.o(.text) refers to misc.o(.text) for SysTick_CLKSourceConfig
    hal_cpu.o(.text) refers to stm32f10x_iwdg.o(.text) for IWDG_ReloadCounter
    hal_cpu.o(.text) refers to osal_task.o(.text) for osal_task_create
    hal_cpu.o(.text) refers to system_stm32f10x.o(.data) for SystemCoreClock
    hal_cpu.o(.text) refers to hal_cpu.o(.data) for fac_us
    hal_crc.o(.text) refers to hal_crc.o(.constdata) for crc16_table_8005
    hal_exti.o(.text) refers to stm32f10x_rcc.o(.text) for RCC_APB2PeriphClockCmd
    hal_exti.o(.text) refers to stm32f10x_gpio.o(.text) for GPIO_EXTILineConfig
    hal_exti.o(.text) refers to stm32f10x_exti.o(.text) for EXTI_Init
    hal_exti.o(.text) refers to misc.o(.text) for NVIC_PriorityGroupConfig
    hal_exti.o(.text) refers to hal_exti.o(.bss) for m_hExtiEventCB
    hal_flash.o(.text) refers to stm32f10x_flash.o(.text) for FLASH_GetWriteProtectionOptionByte
    hal_flash.o(.text) refers to hal_flash.o(.bss) for byFlashData
    hal_gpio.o(.text) refers to stm32f10x_gpio.o(.text) for GPIO_Init
    hal_i2c.o(.text) refers to stm32f10x_gpio.o(.text) for GPIO_Init
    hal_i2c.o(.text) refers to stm32f10x_rcc.o(.text) for RCC_APB2PeriphClockCmd
    hal_i2c.o(.text) refers to hal_cpu.o(.text) for usleep
    hal_i2c.o(.text) refers to hal_i2c.o(.data) for GPIO_InitStructure
    hal_i2c.o(.text) refers to hal_i2c.o(.bss) for m_Instance
    hal_iap.o(.text) refers to hal_flash.o(.text) for HalFlashWrite
    hal_iap.o(.text) refers to stm32f10x_gpio.o(.text) for GPIO_DeInit
    hal_iap.o(.text) refers to stm32f10x_rcc.o(.text) for RCC_APB2PeriphClockCmd
    hal_iap.o(.text) refers to printf8.o(i.__0printf$8) for __2printf
    hal_iap.o(.text) refers to hal_cpu.o(.text) for usleep
    hal_iap.o(.text) refers to core_cm3.o(.emb_text) for __set_MSP
    hal_iap.o(.text) refers to hal_iap.o(.bss) for byFlashData
    hal_spi.o(.text) refers to stm32f10x_rcc.o(.text) for RCC_APB1PeriphClockCmd
    hal_spi.o(.text) refers to stm32f10x_gpio.o(.text) for GPIO_Init
    hal_spi.o(.text) refers to stm32f10x_spi.o(.text) for SPI_Init
    hal_spi.o(.text) refers to hal_spi.o(.data) for m_bySpiInitFlag
    hal_spi.o(.text) refers to hal_spi.o(.bss) for m_Instance
[...]
    TI2_Config                               0x0800ec4b   Thumb Code   130  stm32f10x_tim.o(.text)
    TI1_Config                               0x0800ecdf   Thumb Code   108  stm32f10x_tim.o(.text)
    .text                                    0x0800f498   Section        0  stm32f10x_usart.o(.text)
    .text                                    0x0800f8a0   Section        0  hal_cpu.o(.text)
    FreeIWDG_task                            0x0800f991   Thumb Code     8  hal_cpu.o(.text)
    .text                                    0x0800fa98   Section        0  hal_exti.o(.text)
    .text                                    0x0800fd0c   Section        0  hal_flash.o(.text)
    HalFlashMask                             0x0800fd0d   Thumb Code    26  hal_flash.o(.text)
    .text                                    0x0800ff40   Section        0  hal_gpio.o(.text)
    .text                                    0x0800ffec   Section        0  hal_iap.o(.text)
    CloseIRQHard                             0x080100fd   Thumb Code    28  hal_iap.o(.text)
    .text                                    0x080101fc   Section        0  hal_timer.o(.text)
    timer2_init                              0x080101fd   Thumb Code   180  hal_timer.o(.text)
    timer3_init                              0x080102b1   Thumb Code   172  hal_timer.o(.text)
    timer4_init                              0x0801035d   Thumb Code   172  hal_timer.o(.text)
    timer6_init                              0x08010409   Thumb Code   172  hal_timer.o(.text)
    timer7_init                              0x080104b5   Thumb Code   172  hal_timer.o(.text)
    .text                                    0x08010960   Section        0  hal_uart.o(.text)
    uart1_set_baudrate                       0x08010961   Thumb Code    18  hal_uart.o(.text)
    uart1_set_wordlength                     0x08010973   Thumb Code    18  hal_uart.o(.text)
    uart1_set_stopbit                        0x08010985   Thumb Code    18  hal_uart.o(.text)
    uart1_set_parity                         0x08010997   Thumb Code    18  hal_uart.o(.text)
    uart1_writeByte                          0x080109a9   Thumb Code    28  hal_uart.o(.text)
    uart1_write                              0x080109c5   Thumb Code    32  hal_uart.o(.text)
    uart1_add_rx_obser                       0x080109e5   Thumb Code     6  hal_uart.o(.text)
    uart1_init                               0x080109eb   Thumb Code   148  hal_uart.o(.text)
    uart1_deInit                             0x08010a7f   Thumb Code    80  hal_uart.o(.text)
    uart2_set_baudrate                       0x08010acf   Thumb Code    20  hal_uart.o(.text)
    uart2_set_wordlength                     0x08010ae3   Thumb Code    20  hal_uart.o(.text)
    uart2_set_stopbit                        0x08010af7   Thumb Code    20  hal_uart.o(.text)
    uart2_set_parity                         0x08010b0b   Thumb Code    20  hal_uart.o(.text)
    uart2_writeByte                          0x08010b1f   Thumb Code    28  hal_uart.o(.text)
    uart2_write                              0x08010b3b   Thumb Code    32  hal_uart.o(.text)
    uart2_add_rx_obser                       0x08010b5b   Thumb Code     6  hal_uart.o(.text)
    uart2_init                               0x08010b61   Thumb Code   156  hal_uart.o(.text)
    uart2_deInit                             0x08010bfd   Thumb Code    76  hal_uart.o(.text)
    uart3_set_baudrate                       0x08010c49   Thumb Code    20  hal_uart.o(.text)
    uart3_set_wordlength                     0x08010c5d   Thumb Code    20  hal_uart.o(.text)
    uart3_set_stopbit                        0x08010c71   Thumb Code    20  hal_uart.o(.text)
    uart3_set_parity                         0x08010c85   Thumb Code    20  hal_uart.o(.text)
    uart3_writeByte                          0x08010c99   Thumb Code    28  hal_uart.o(.text)
    uart3_write                              0x08010cb5   Thumb Code    32  hal_uart.o(.text)
    uart3_add_rx_obser                       0x08010cd5   Thumb Code     6  hal_uart.o(.text)
    uart3_init                               0x08010cdb   Thumb Code   190  hal_uart.o(.text)
    uart3_deInit                             0x08010d99   Thumb Code    80  hal_uart.o(.text)
    uart4_set_baudrate                       0x08010de9   Thumb Code    20  hal_uart.o(.text)
    uart4_set_wordlength                     0x08010dfd   Thumb Code    20  hal_uart.o(.text)
    uart4_set_stopbit                        0x08010e11   Thumb Code    20  hal_uart.o(.text)
    uart4_set_parity                         0x08010e25   Thumb Code    20  hal_uart.o(.text)
    uart4_writeByte                          0x08010e39   Thumb Code    28  hal_uart.o(.text)
    uart4_write                              0x08010e55   Thumb Code    32  hal_uart.o(.text)
    uart4_add_rx_obser                       0x08010e75   Thumb Code     6  hal_uart.o(.text)
    uart4_init                               0x08010e7b   Thumb Code   160  hal_uart.o(.text)
    uart4_deInit                             0x08010f1b   Thumb Code    80  hal_uart.o(.text)
    uart5_set_baudrate                       0x08010f6b   Thumb Code    20  hal_uart.o(.text)
    uart5_set_wordlength                     0x08010f7f   Thumb Code    22  hal_uart.o(.text)
    uart5_set_stopbit                        0x08010f95   Thumb Code    22  hal_uart.o(.text)
    uart5_set_parity                         0x08010fab   Thumb Code    22  hal_uart.o(.text)
    uart5_writeByte                          0x08010fc1   Thumb Code    28  hal_uart.o(.text)
    uart5_write                              0x08010fdd   Thumb Code    32  hal_uart.o(.text)
    uart5_add_rx_obser                       0x08010ffd   Thumb Code     6  hal_uart.o(.text)
    uart5_init                               0x08011003   Thumb Code   166  hal_uart.o(.text)
    uart5_deInit                             0x080110a9   Thumb Code    76  hal_uart.o(.text)
    New                                      0x080111dd   Thumb Code   300  hal_uart.o(.text)
    .text                                    0x080113e8   Section        0  hal_rtc.o(.text)
    CheckLeapYear                            0x080113e9   Thumb Code    50  hal_rtc.o(.text)
    rtc_set_time                             0x0801141b   Thumb Code   162  hal_rtc.o(.text)
    .text                                    0x08011764   Section        0  osal_error.o(.text)
    .text                                    0x08011774   Section        0  osal_sock.o(.text)
    .text                                    0x08011808   Section        0  osal_task.o(.text)
    .text                                    0x080119e4   Section        0  osal_router.o(.text)
    OnDeviceAddress                          0x08011a37   Thumb Code    82  osal_router.o(.text)
    OnCommMsg                                0x08011a89   Thumb Code    44  osal_router.o(.text)
    OnRouterCommHandleTimer                  0x08011b51   Thumb Code     2  osal_router.o(.text)
    OnRouterTimer                            0x08011b53   Thumb Code     2  osal_router.o(.text)
    .text                                    0x08011bd4   Section        0  esp8266.o(.text)
    delay                                    0x08011bd5   Thumb Code    40  esp8266.o(.text)
    OnComm                                   0x08011bfd   Thumb Code    58  esp8266.o(.text)
    WaitForRecive                            0x08011c37   Thumb Code    52  esp8266.o(.text)
    WaitForReciveEx                          0x08011c6b   Thumb Code    34  esp8266.o(.text)
    SendCmd                                  0x08011ca1   Thumb Code   110  esp8266.o(.text)
    init                                     0x080122af   Thumb Code     2  esp8266.o(.text)
    deInit                                   0x080122b1   Thumb Code     8  esp8266.o(.text)
    add_rx_obser                             0x080122b9   Thumb Code    12  esp8266.o(.text)
    set_baudrate                             0x080122c5   Thumb Code     2  esp8266.o(.text)
    set_wordlength                           0x080122c7   Thumb Code     2  esp8266.o(.text)
    set_stopbit                              0x080122c9   Thumb Code     2  esp8266.o(.text)
    set_parity                               0x080122cb   Thumb Code     2  esp8266.o(.text)
    write                                    0x080122cd   Thumb Code    16  esp8266.o(.text)
    New                                      0x080122dd   Thumb Code    50  esp8266.o(.text)
    .text                                    0x080123e4   Section        0  comm.o(.text)
    GetCheckLenght                           0x080123e5   Thumb Code    22  comm.o(.text)
    GetCheckValue                            0x080123fb   Thumb Code   120  comm.o(.text)
    OnComm                                   0x08012473   Thumb Code    84  comm.o(.text)
    taskForRxdata                            0x080124c7   Thumb Code   554  comm.o(.text)
    add_rx_obser                             0x080126f1   Thumb Code     6  comm.o(.text)
    transmit                                 0x080126f7   Thumb Code   288  comm.o(.text)
    readTxFIFO                               0x08012817   Thumb Code   462  comm.o(.text)
    writeTxFIFO                              0x080129e5   Thumb Code   244  comm.o(.text)
    transmitByFIFO                           0x08012ad9   Thumb Code    12  comm.o(.text)
    taskForTxFiFoMsg                         0x08012ae5   Thumb Code    18  comm.o(.text)
    init                                     0x08012af7   Thumb Code    54  comm.o(.text)
    deInit                                   0x08012b2d   Thumb Code    42  comm.o(.text)
    New                                      0x08012b57   Thumb Code    30  comm.o(.text)
    .text                                    0x08012be8   Section        0  comm_esp8266.o(.text)
    GetCheckLenght                           0x08012be9   Thumb Code    22  comm_esp8266.o(.text)
    GetCheckValue                            0x08012bff   Thumb Code   120  comm_esp8266.o(.text)
    OnComm                                   0x08012c77   Thumb Code    84  comm_esp8266.o(.text)
    taskForRxdata                            0x08012ccb   Thumb Code   554  comm_esp8266.o(.text)
    add_rx_obser                             0x08012ef5   Thumb Code     6  comm_esp8266.o(.text)
    transmit                                 0x08012efb   Thumb Code   266  comm_esp8266.o(.text)
    readTxFIFO                               0x08013005   Thumb Code   466  comm_esp8266.o(.text)
    writeTxFIFO                              0x080131d7   Thumb Code   244  comm_esp8266.o(.text)
    transmitByFIFO                           0x080132cb   Thumb Code    12  comm_esp8266.o(.text)
    taskForTxFiFoMsg                         0x080132d7   Thumb Code    18  comm_esp8266.o(.text)
    init                                     0x080132e9   Thumb Code    54  comm_esp8266.o(.text)
    deInit                                   0x0801331f   Thumb Code    42  comm_esp8266.o(.text)
    New                                      0x08013349   Thumb Code    30  comm_esp8266.o(.text)
    .text                                    0x080133b4   Section        0  updateunit.o(.text)
    .text                                    0x08013470   Section        0  debugunit.o(.text)
    OnGetBiosVersion                         0x08013471   Thumb Code    66  debugunit.o(.text)
    OnGetAppVersion                          0x080134b3   Thumb Code    66  debugunit.o(.text)
    OnGetChipID                              0x080134f5   Thumb Code    34  debugunit.o(.text)
    OnNetLocalIpEvent                        0x08013517   Thumb Code   154  debugunit.o(.text)
    OnNetServerIpEvent                       0x080135b1   Thumb Code   232  debugunit.o(.text)
    OnNetWifiParamEvent                      0x08013699   Thumb Code   242  debugunit.o(.text)
    OnNetWifiConnetEvent                     0x0801378b   Thumb Code   100  debugunit.o(.text)
    OnNetMsgTestEvent                        0x080137ef   Thumb Code    54  debugunit.o(.text)
    .text                                    0x080138e4   Section        0  application.o(.text)
    UpdateUint_OnStart                       0x080138e5   Thumb Code    32  application.o(.text)
    UpdateUint_OnReady                       0x08013905   Thumb Code     2  application.o(.text)
    UpdateUint_OnUPDATING                    0x08013907   Thumb Code     2  application.o(.text)
    UpdateUint_OnResult                      0x08013909   Thumb Code     2  application.o(.text)
    UpdateUint_OnLastResult                  0x0801390b   Thumb Code     2  application.o(.text)
    UpdateUint_Onend                         0x0801390d   Thumb Code     2  application.o(.text)
    CommRouter_OnConnetEnent                 0x0801390f   Thumb Code     2  application.o(.text)
    CommRouter_SendMsg                       0x08013911   Thumb Code     2  application.o(.text)
    OnCommMsgEvent                           0x08013913   Thumb Code    24  application.o(.text)
    OnDebugMsgEvent                          0x0801392b   Thumb Code    24  application.o(.text)
    OnEsp8826MsgEvent                        0x08013943   Thumb Code    24  application.o(.text)
    .text                                    0x08013b8c   Section        0  memcpya.o(.text)
    .text                                    0x08013bb0   Section        0  memseta.o(.text)
    .text                                    0x08013bd4   Section        0  strstr.o(.text)
    .text                                    0x08013bf8   Section        0  strlen.o(.text)
    .text                                    0x08013c06   Section        0  uldiv.o(.text)
    .text                                    0x08013c68   Section       36  init.o(.text)
    .text                                    0x08013c8c   Section        0  llshl.o(.text)
    .text                                    0x08013caa   Section        0  llushr.o(.text)
    i.__0printf$8                            0x08013ccc   Section        0  printf8.o(i.__0printf$8)
    i.__0sprintf$8                           0x08013cec   Section        0  printf8.o(i.__0sprintf$8)
    i.__scatterload_copy                     0x08013d14   Section       14  handlers.o(i.__scatterload_copy)
    i.__scatterload_null                     0x08013d22   Section        2  handlers.o(i.__scatterload_null)
    i.__scatterload_zeroinit                 0x08013d24   Section       14  handlers.o(i.__scatterload_zeroinit)
    i._printf_core                           0x08013d34   Section        0  printf8.o(i._printf_core)
    _printf_core                             0x08013d35   Thumb Code   996  printf8.o(i._printf_core)
    i._printf_post_padding                   0x08014144   Section        0  printf8.o(i._printf_post_padding)
    _printf_post_padding                     0x08014145   Thumb Code    36  printf8.o(i._printf_post_padding)
    i._printf_pre_padding                    0x08014168   Section        0  printf8.o(i._printf_pre_padding)
    _printf_pre_padding                      0x08014169   Thumb Code    46  printf8.o(i._printf_pre_padding)
    i._sputc                                 0x08014196   Section        0  printf8.o(i._sputc)
    _sputc                                   0x08014197   Thumb Code    10  printf8.o(i._sputc)
    .constdata                               0x080141a0   Section       12  hal_rtc.o(.constdata)
    mon_table                                0x080141a0   Data          12  hal_rtc.o(.constdata)
    .data                                    0x20000000   Section       20  system_stm32f10x.o(.data)
    .data                                    0x20000014   Section       20  stm32f10x_rcc.o(.data)
    APBAHBPrescTable                         0x20000014   Data          16  stm32f10x_rcc.o(.data)
    ADCPrescTable                            0x20000024   Data           4  stm32f10x_rcc.o(.data)
    .data                                    0x20000028   Section        8  hal_cpu.o(.data)
    fac_us                                   0x20000028   Data           1  hal_cpu.o(.data)
    fac_ms                                   0x2000002a   Data           2  hal_cpu.o(.data)
    m_uWdgTime                               0x2000002c   Data           4  hal_cpu.o(.data)
    .data                                    0x20000030   Section        7  hal_timer.o(.data)
    m_uShareTimerCount                       0x20000030   Data           2  hal_timer.o(.data)
    bInit                                    0x20000032   Data           1  hal_timer.o(.data)
    bInit                                    0x20000033   Data           1  hal_timer.o(.data)
    bInit                                    0x20000034   Data           1  hal_timer.o(.data)
    bInit                                    0x20000035   Data           1  hal_timer.o(.data)
    bInit                                    0x20000036   Data           1  hal_timer.o(.data)
    .data                                    0x20000038   Section        2  osal_error.o(.data)
    m_uLastError                             0x20000038   Data           2  osal_error.o(.data)
    .data                                    0x2000003c   Section        4  osal_sock.o(.data)
    endian_test                              0x2000003c   Data           4  osal_sock.o(.data)
    .data                                    0x20000040   Section        2  osal_task.o(.data)
    m_u16TaskCount                           0x20000040   Data           2  osal_task.o(.data)
    .data                                    0x20000044   Section        6  osal_router.o(.data)
    m_hRouterInstance                        0x20000044   Data           4  osal_router.o(.data)
    m_uAddress                               0x20000048   Data           2  osal_router.o(.data)
    .data                                    0x2000004c   Section       23  esp8266.o(.data)
    m_bTransEnable                           0x2000004c   Data           1  esp8266.o(.data)
    m_bTcpTrans                              0x2000004d   Data           1  esp8266.o(.data)
    m_uReadPriter                            0x2000004e   Data           2  esp8266.o(.data)
    m_uReadPriter1                           0x20000050   Data           2  esp8266.o(.data)
    m_hUartObser                             0x20000054   Data           4  esp8266.o(.data)
    m_hUart                                  0x20000058   Data           4  esp8266.o(.data)
    pthis                                    0x2000005c   Data           4  esp8266.o(.data)
    m_uWifiState                             0x20000060   Data           2  esp8266.o(.data)
    bFirst                                   0x20000062   Data           1  esp8266.o(.data)
    .data                                    0x20000064   Section       28  comm.o(.data)
    m_hUart                                  0x20000064   Data           4  comm.o(.data)
    m_hRxObser                               0x20000068   Data           4  comm.o(.data)
    m_uReadPriter                            0x2000006c   Data           2  comm.o(.data)
    m_uWritePriter                           0x2000006e   Data           2  comm.o(.data)
    m_uFIFO_ReadPriter                       0x20000070   Data           2  comm.o(.data)
    m_uFIFO_WritePriter                      0x20000072   Data           2  comm.o(.data)
    rxFlag                                   0x20000074   Data           1  comm.o(.data)
    uRxDataIndex                             0x20000076   Data           2  comm.o(.data)
    uAddr                                    0x20000078   Data           2  comm.o(.data)
    blockID                                  0x2000007a   Data           2  comm.o(.data)
    funcID                                   0x2000007c   Data           2  comm.o(.data)
    msgLen                                   0x2000007e   Data           2  comm.o(.data)
    .data                                    0x20000080   Section       32  comm_esp8266.o(.data)
    pthis                                    0x20000080   Data           4  comm_esp8266.o(.data)
    m_hUart                                  0x20000084   Data           4  comm_esp8266.o(.data)
    m_hRxObser                               0x20000088   Data           4  comm_esp8266.o(.data)
    m_uReadPriter                            0x2000008c   Data           2  comm_esp8266.o(.data)
    m_uWritePriter                           0x2000008e   Data           2  comm_esp8266.o(.data)
    m_uFIFO_ReadPriter                       0x20000090   Data           2  comm_esp8266.o(.data)
    m_uFIFO_WritePriter                      0x20000092   Data           2  comm_esp8266.o(.data)
    rxFlag                                   0x20000094   Data           1  comm_esp8266.o(.data)
    uRxDataIndex                             0x20000096   Data           2  comm_esp8266.o(.data)
    uAddr                                    0x20000098   Data           2  comm_esp8266.o(.data)
    blockID                                  0x2000009a   Data           2  comm_esp8266.o(.data)
    funcID                                   0x2000009c   Data           2  comm_esp8266.o(.data)
    msgLen                                   0x2000009e   Data           2  comm_esp8266.o(.data)
    .data                                    0x200000a0   Section        4  updateunit.o(.data)
    .data                                    0x200000a4   Section       32  application.o(.data)
    m_hUpdateInstance                        0x200000a4   Data          24  application.o(.data)
    m_hRouterInstance                        0x200000bc   Data           8  application.o(.data)
    .data                                    0x200000c4   Section       24  global.o(.data)
    .data                                    0x200000dc   Section        4  stdout.o(.data)
    .bss                                     0x200000e0   Section       64  hal_exti.o(.bss)
    m_hExtiEventCB                           0x200000e0   Data          64  hal_exti.o(.bss)
    .bss                                     0x20000120   Section      512  hal_flash.o(.bss)
    byFlashData                              0x20000120   Data         512  hal_flash.o(.bss)
    .bss                                     0x20000320   Section      512  hal_iap.o(.bss)
    byFlashData                              0x20000320   Data         512  hal_iap.o(.bss)
    .bss                                     0x20000520   Section      416  hal_timer.o(.bss)
    m_hIndeTimer                             0x20000520   Data          16  hal_timer.o(.bss)
    m_hShareTimer                            0x20000530   Data         384  hal_timer.o(.bss)
    m_hTimerInitFunc                         0x200006b0   Data          16  hal_timer.o(.bss)
    .bss                                     0x200006c0   Section      280  hal_uart.o(.bss)
    USART_InitStructure                      0x200006c0   Data          80  hal_uart.o(.bss)
    m_hUartObser                             0x20000710   Data          20  hal_uart.o(.bss)
    m_hUartInstance                          0x20000724   Data         160  hal_uart.o(.bss)
    pthis                                    0x200007c4   Data          20  hal_uart.o(.bss)
    .bss                                     0x200007d8   Section       36  hal_rtc.o(.bss)
    tm                                       0x200007d8   Data          36  hal_rtc.o(.bss)
    .bss                                     0x200007fc   Section      600  osal_task.o(.bss)
    m_hTasks                                 0x200007fc   Data         600  osal_task.o(.bss)
    .bss                                     0x20000a54   Section     1056  osal_router.o(.bss)
    m_hCommHandle                            0x20000a54   Data          20  osal_router.o(.bss)
    msg                                      0x20000a68   Data        1036  osal_router.o(.bss)
    .bss                                     0x20000e74   Section      288  esp8266.o(.bss)
    m_rxDataBuffer                           0x20000e74   Data         256  esp8266.o(.bss)
    m_hInstance                              0x20000f74   Data          32  esp8266.o(.bss)
    .bss                                     0x20000f94   Section    13404  comm.o(.bss)
    m_Instance                               0x20000f94   Data          20  comm.o(.bss)
    pthis                                    0x20000fa8   Data          20  comm.o(.bss)
    m_rxDataBuffer                           0x20000fbc   Data        1044  comm.o(.bss)
    m_TX_FIFO_DataBuffer                     0x200013d0   Data       10248  comm.o(.bss)
    RxMsg                                    0x20003bd8   Data        1036  comm.o(.bss)
    TxMsg                                    0x20003fe4   Data        1036  comm.o(.bss)
    .bss                                     0x200043f0   Section    14428  comm_esp8266.o(.bss)
    m_Instance                               0x200043f0   Data          20  comm_esp8266.o(.bss)
    m_rxDataBuffer                           0x20004404   Data        1044  comm_esp8266.o(.bss)
    m_txDataBuffer                           0x20004818   Data        1044  comm_esp8266.o(.bss)
    m_TX_FIFO_DataBuffer                     0x20004c2c   Data       10248  comm_esp8266.o(.bss)
    RxMsg                                    0x20007434   Data        1036  comm_esp8266.o(.bss)
    TxMsg                                    0x20007840   Data        1036  comm_esp8266.o(.bss)
    .bss                                     0x20007c4c   Section      192  global.o(.bss)
    STACK                                    0x20007d10   Section     1024  startup_stm32f10x_hd.o(STACK)

    Global Symbols

    Symbol Name                              Value     Ov Type        Size  Object(Section)

    BuildAttributes$$THM_ISAv4$P$D$K$B$S$PE$A:L22UL41UL21$X:L11$S22US41US21$IEEE1$IW$USESV6$~STKCKD$USESV7$~SHL$OSPACE$ROPI$EBA8$MICROLIB$REQ8$PRES8$EABIv2 0x00000000   Number         0  anon$$obj.o ABSOLUTE
    __ARM_use_no_argv                        0x00000000   Number         0  main.o ABSOLUTE
    _printf_a                                0x00000000   Number         0  stubs.o ABSOLUTE
    _printf_c                                0x00000000   Number         0  stubs.o ABSOLUTE
    _printf_charcount                        0x00000000   Number         0  stubs.o ABSOLUTE
    _printf_d                                0x00000000   Number         0  stubs.o ABSOLUTE
    _printf_e                                0x00000000   Number         0  stubs.o ABSOLUTE
    _printf_f                                0x00000000   Number         0  stubs.o ABSOLUTE
    _printf_flags                            0x00000000   Number         0  stubs.o ABSOLUTE
    _printf_fp_dec                           0x00000000   Number         0  stubs.o ABSOLUTE
    _printf_fp_hex                           0x00000000   Number         0  stubs.o ABSOLUTE
    _printf_g                                0x00000000   Number         0  stubs.o ABSOLUTE
    _printf_i                                0x00000000   Number         0  stubs.o ABSOLUTE
    _printf_int_dec                          0x00000000   Number         0  stubs.o ABSOLUTE
    _printf_l                                0x00000000   Number         0  stubs.o ABSOLUTE
    _printf_lc                               0x00000000   Number         0  stubs.o ABSOLUTE
    _printf_ll                               0x00000000   Number         0  stubs.o ABSOLUTE
    _printf_lld                              0x00000000   Number         0  stubs.o ABSOLUTE
    _printf_lli                              0x00000000   Number         0  stubs.o ABSOLUTE
    _printf_llo                              0x00000000   Number         0  stubs.o ABSOLUTE
    _printf_llu                              0x00000000   Number         0  stubs.o ABSOLUTE
    _printf_llx                              0x00000000   Number         0  stubs.o ABSOLUTE
    _printf_longlong_dec                     0x00000000   Number         0  stubs.o ABSOLUTE
    _printf_longlong_hex                     0x00000000   Number         0  stubs.o ABSOLUTE
    _printf_longlong_oct                     0x00000000   Number         0  stubs.o ABSOLUTE
    _printf_ls                               0x00000000   Number         0  stubs.o ABSOLUTE
    _printf_mbtowc                           0x00000000   Number         0  stubs.o ABSOLUTE
    _printf_n                                0x00000000   Number         0  stubs.o ABSOLUTE
    _printf_o                                0x00000000   Number         0  stubs.o ABSOLUTE
    _printf_p                                0x00000000   Number         0  stubs.o ABSOLUTE
    _printf_percent                          0x00000000   Number         0  stubs.o ABSOLUTE
    _printf_pre_padding                      0x00000000   Number         0  stubs.o ABSOLUTE
    _printf_return_value                     0x00000000   Number         0  stubs.o ABSOLUTE
    _printf_s                                0x00000000   Number         0  stubs.o ABSOLUTE
    _printf_sizespec                         0x00000000   Number         0  stubs.o ABSOLUTE
    _printf_str                              0x00000000   Number         0  stubs.o ABSOLUTE
    _printf_truncate_signed                  0x00000000   Number         0  stubs.o ABSOLUTE
    _printf_truncate_unsigned                0x00000000   Number         0  stubs.o ABSOLUTE
    _printf_u                                0x00000000   Number         0  stubs.o ABSOLUTE
    _printf_wc                               0x00000000   Number         0  stubs.o ABSOLUTE
    _printf_wctomb                           0x00000000   Number         0  stubs.o ABSOLUTE
    _printf_widthprec                        0x00000000   Number         0  stubs.o ABSOLUTE
    _printf_x                                0x00000000   Number         0  stubs.o ABSOLUTE
    __cpp_initialize__aeabi_                  - Undefined Weak Reference
    __cxa_finalize                            - Undefined Weak Reference
    __decompress                              - Undefined Weak Reference
    _clock_init                               - Undefined Weak Reference
    _microlib_exit                            - Undefined Weak Reference
    __Vectors_Size                           0x00000130   Number         0  startup_stm32f10x_hd.o ABSOLUTE
    __Vectors                                0x0800d000   Data           4  startup_stm32f10x_hd.o(RESET)
    __Vectors_End                            0x0800d130   Data           0  startup_stm32f10x_hd.o(RESET)
    __main                                   0x0800d131   Thumb Code     0  entry.o(.ARM.Collect$$$$00000000)
    _main_stk                                0x0800d131   Thumb Code     0  entry2.o(.ARM.Collect$$$$00000001)
    _main_scatterload                        0x0800d135   Thumb Code     0  entry5.o(.ARM.Collect$$$$00000004)
    __main_after_scatterload                 0x0800d139   Thumb Code     0  entry5.o(.ARM.Collect$$$$00000004)
    _main_clock                              0x0800d139   Thumb Code     0  entry7b.o(.ARM.Collect$$$$00000008)
    _main_cpp_init                           0x0800d139   Thumb Code     0  entry8b.o(.ARM.Collect$$$$0000000A)
    _main_init                               0x0800d139   Thumb Code     0  entry9a.o(.ARM.Collect$$$$0000000B)
    __rt_final_cpp                           0x0800d141   Thumb Code     0  entry10a.o(.ARM.Collect$$$$0000000D)
    __rt_final_exit                          0x0800d141   Thumb Code     0  entry11a.o(.ARM.Collect$$$$0000000F)
    __get_PSP                                0x0800d145   Thumb Code     6  core_cm3.o(.emb_text)
    __set_PSP                                0x0800d14b   Thumb Code     6  core_cm3.o(.emb_text)
    __get_MSP                                0x0800d151   Thumb Code     6  core_cm3.o(.emb_text)
    __set_MSP                                0x0800d157   Thumb Code     6  core_cm3.o(.emb_text)
    __REV16                                  0x0800d15d   Thumb Code     4  core_cm3.o(.emb_text)
    __REVSH                                  0x0800d161   Thumb Code     4  core_cm3.o(.emb_text)
    main                                     0x0800d191   Thumb Code    44  main.o(.text)
    NMI_Handler                              0x0800d1fd   Thumb Code     2  stm32f10x_it.o(.text)
    HardFault_Handler                        0x0800d1ff   Thumb Code     4  stm32f10x_it.o(.text)
    MemManage_Handler                        0x0800d203   Thumb Code     4  stm32f10x_it.o(.text)
    BusFault_Handler                         0x0800d207   Thumb Code     4  stm32f10x_it.o(.text)
    UsageFault_Handler                       0x0800d20b   Thumb Code     4  stm32f10x_it.o(.text)
    SVC_Handler                              0x0800d20f   Thumb Code     2  stm32f10x_it.o(.text)
    DebugMon_Handler                         0x0800d211   Thumb Code     2  stm32f10x_it.o(.text)
    PendSV_Handler                           0x0800d213   Thumb Code     2  stm32f10x_it.o(.text)
    SysTick_Handler                          0x0800d215   Thumb Code     2  stm32f10x_it.o(.text)
    SystemInit                               0x0800d2f7   Thumb Code    78  system_stm32f10x.o(.text)
    SystemCoreClockUpdate                    0x0800d345   Thumb Code   142  system_stm32f10x.o(.text)
    Reset_Handler                            0x0800d3f9   Thumb Code     8  startup_stm32f10x_hd.o(.text)
    ADC1_2_IRQHandler                        0x0800d413   Thumb Code     0  startup_stm32f10x_hd.o(.text)
    ADC3_IRQHandler                          0x0800d413   Thumb Code     0  startup_stm32f10x_hd.o(.text)
    CAN1_RX1_IRQHandler                      0x0800d413   Thumb Code     0  startup_stm32f10x_hd.o(.text)
    CAN1_SCE_IRQHandler                      0x0800d413   Thumb Code     0  startup_stm32f10x_hd.o(.text)
    DMA1_Channel1_IRQHandler                 0x0800d413   Thumb Code     0  startup_stm32f10x_hd.o(.text)
    DMA1_Channel2_IRQHandler                 0x0800d413   Thumb Code     0  startup_stm32f10x_hd.o(.text)
    DMA1_Channel3_IRQHandler                 0x0800d413   Thumb Code     0  startup_stm32f10x_hd.o(.text)
    DMA1_Channel4_IRQHandler                 0x0800d413   Thumb Code     0  startup_stm32f10x_hd.o(.text)
    DMA1_Channel5_IRQHandler                 0x0800d413   Thumb Code     0  startup_stm32f10x_hd.o(.text)
    DMA1_Channel6_IRQHandler                 0x0800d413   Thumb Code     0  startup_stm32f10x_hd.o(.text)
    DMA1_Channel7_IRQHandler                 0x0800d413   Thumb Code     0  startup_stm32f10x_hd.o(.text)
    DMA2_Channel1_IRQHandler                 0x0800d413   Thumb Code     0  startup_stm32f10x_hd.o(.text)
    DMA2_Channel2_IRQHandler                 0x0800d413   Thumb Code     0  startup_stm32f10x_hd.o(.text)
    DMA2_Channel3_IRQHandler                 0x0800d413   Thumb Code     0  startup_stm32f10x_hd.o(.text)
    DMA2_Channel4_5_IRQHandler               0x0800d413   Thumb Code     0  startup_stm32f10x_hd.o(.text)
    FLASH_IRQHandler                         0x0800d413   Thumb Code     0  startup_stm32f10x_hd.o(.text)
    FSMC_IRQHandler                          0x0800d413   Thumb Code     0  startup_stm32f10x_hd.o(.text)
    I2C1_ER_IRQHandler                       0x0800d413   Thumb Code     0  startup_stm32f10x_hd.o(.text)
    I2C1_EV_IRQHandler                       0x0800d413   Thumb Code     0  startup_stm32f10x_hd.o(.text)
    I2C2_ER_IRQHandler                       0x0800d413   Thumb Code     0  startup_stm32f10x_hd.o(.text)
    I2C2_EV_IRQHandler                       0x0800d413   Thumb Code     0  startup_stm32f10x_hd.o(.text)
    PVD_IRQHandler                           0x0800d413   Thumb Code     0  startup_stm32f10x_hd.o(.text)
    RCC_IRQHandler                           0x0800d413   Thumb Code     0  startup_stm32f10x_hd.o(.text)
    RTCAlarm_IRQHandler                      0x0800d413   Thumb Code     0  startup_stm32f10x_hd.o(.text)
    SDIO_IRQHandler                          0x0800d413   Thumb Code     0  startup_stm32f10x_hd.o(.text)
    SPI1_IRQHandler                          0x0800d413   Thumb Code     0  startup_stm32f10x_hd.o(.text)
    SPI2_IRQHandler                          0x0800d413   Thumb Code     0  startup_stm32f10x_hd.o(.text)
    SPI3_IRQHandler                          0x0800d413   Thumb Code     0  startup_stm32f10x_hd.o(.text)
    TAMPER_IRQHandler                        0x0800d413   Thumb Code     0  startup_stm32f10x_hd.o(.text)
    TIM1_BRK_IRQHandler                      0x0800d413   Thumb Code     0  startup_stm32f10x_hd.o(.text)
    TIM1_CC_IRQHandler                       0x0800d413   Thumb Code     0  startup_stm32f10x_hd.o(.text)
    TIM1_TRG_COM_IRQHandler                  0x0800d413   Thumb Code     0  startup_stm32f10x_hd.o(.text)
    TIM1_UP_IRQHandler                       0x0800d413   Thumb Code     0  startup_stm32f10x_hd.o(.text)
    TIM5_IRQHandler                          0x0800d413   Thumb Code     0  startup_stm32f10x_hd.o(.text)
    TIM8_BRK_IRQHandler                      0x0800d413   Thumb Code     0  startup_stm32f10x_hd.o(.text)
    TIM8_CC_IRQHandler                       0x0800d413   Thumb Code     0  startup_stm32f10x_hd.o(.text)
    TIM8_TRG_COM_IRQHandler                  0x0800d413   Thumb Code     0  startup_stm32f10x_hd.o(.text)
    TIM8_UP_IRQHandler                       0x0800d413   Thumb Code     0  startup_stm32f10x_hd.o(.text)
    USBWakeUp_IRQHandler                     0x0800d413   Thumb Code     0  startup_stm32f10x_hd.o(.text)
    USB_HP_CAN1_TX_IRQHandler                0x0800d413   Thumb Code     0  startup_stm32f10x_hd.o(.text)
    USB_LP_CAN1_RX0_IRQHandler               0x0800d413   Thumb Code     0  startup_stm32f10x_hd.o(.text)
    WWDG_IRQHandler                          0x0800d413   Thumb Code     0  startup_stm32f10x_hd.o(.text)
    __WFI                                    0x0800d41d   Thumb Code     0  cortexm3_macro.o(.text)
    __WFE                                    0x0800d421   Thumb Code     0  cortexm3_macro.o(.text)
    __SEV                                    0x0800d425   Thumb Code     0  cortexm3_macro.o(.text)
    __SVC                                    0x0800d429   Thumb Code     0  cortexm3_macro.o(.text)
    __MRS_CONTROL                            0x0800d42d   Thumb Code     0  cortexm3_macro.o(.text)
    __MSR_CONTROL                            0x0800d433   Thumb Code     0  cortexm3_macro.o(.text)
    __MRS_PSP                                0x0800d43d   Thumb Code     0  cortexm3_macro.o(.text)
    __MSR_PSP                                0x0800d443   Thumb Code     0  cortexm3_macro.o(.text)
    __MRS_MSP                                0x0800d449   Thumb Code     0  cortexm3_macro.o(.text)
    __MSR_MSP                                0x0800d44f   Thumb Code     0  cortexm3_macro.o(.text)
    __RESETPRIMASK                           0x0800d455   Thumb Code     0  cortexm3_macro.o(.text)
    __SETPRIMASK                             0x0800d459   Thumb Code     0  cortexm3_macro.o(.text)
    __READ_PRIMASK                           0x0800d45d   Thumb Code     0  cortexm3_macro.o(.text)
    __SETFAULTMASK                           0x0800d463   Thumb Code     0  cortexm3_macro.o(.text)
    __RESETFAULTMASK                         0x0800d467   Thumb Code     0  cortexm3_macro.o(.text)
    __READ_FAULTMASK                         0x0800d46b   Thumb Code     0  cortexm3_macro.o(.text)
    __BASEPRICONFIG                          0x0800d471   Thumb Code     0  cortexm3_macro.o(.text)
    __GetBASEPRI                             0x0800d477   Thumb Code     0  cortexm3_macro.o(.text)
    __REV_HalfWord                           0x0800d47d   Thumb Code     0  cortexm3_macro.o(.text)
    __REV_Word                               0x0800d481   Thumb Code     0  cortexm3_macro.o(.text)
    NVIC_PriorityGroupConfig                 0x0800d485   Thumb Code    10  misc.o(.text)
    NVIC_Init                                0x0800d48f   Thumb Code   100  misc.o(.text)
    NVIC_SetVectorTable                      0x0800d4f3   Thumb Code    14  misc.o(.text)
    NVIC_SystemLPConfig                      0x0800d501   Thumb Code    34  misc.o(.text)
    NVIC_SETPRIMASK                          0x0800d523   Thumb Code     8  misc.o(.text)
    NVIC_RESETPRIMASK                        0x0800d52b   Thumb Code     8  misc.o(.text)
    NVIC_SETFAULTMASK                        0x0800d533   Thumb Code     8  misc.o(.text)
    NVIC_RESETFAULTMASK                      0x0800d53b   Thumb Code     8  misc.o(.text)
    NVIC_BASEPRICONFIG                       0x0800d543   Thumb Code    12  misc.o(.text)
    SysTick_CLKSourceConfig                  0x0800d54f   Thumb Code    40  misc.o(.text)
    BKP_DeInit                               0x0800d58d   Thumb Code    16  stm32f10x_bkp.o(.text)
    BKP_TamperPinLevelConfig                 0x0800d59d   Thumb Code     6  stm32f10x_bkp.o(.text)
    BKP_TamperPinCmd                         0x0800d5a3   Thumb Code     8  stm32f10x_bkp.o(.text)
    BKP_ITConfig                             0x0800d5ab   Thumb Code     8  stm32f10x_bkp.o(.text)
    BKP_RTCOutputConfig                      0x0800d5b3   Thumb Code    22  stm32f10x_bkp.o(.text)
    BKP_SetRTCCalibrationValue               0x0800d5c9   Thumb Code    22  stm32f10x_bkp.o(.text)
    BKP_WriteBackupRegister                  0x0800d5df   Thumb Code    24  stm32f10x_bkp.o(.text)
    BKP_ReadBackupRegister                   0x0800d5f7   Thumb Code    26  stm32f10x_bkp.o(.text)
    BKP_GetFlagStatus                        0x0800d611   Thumb Code    10  stm32f10x_bkp.o(.text)
    BKP_ClearFlag                            0x0800d61b   Thumb Code    18  stm32f10x_bkp.o(.text)
    BKP_GetITStatus                          0x0800d62d   Thumb Code    10  stm32f10x_bkp.o(.text)
    BKP_ClearITPendingBit                    0x0800d637   Thumb Code    18  stm32f10x_bkp.o(.text)
    EXTI_DeInit                              0x0800d651   Thumb Code    28  stm32f10x_exti.o(.text)
    EXTI_Init                                0x0800d66d   Thumb Code   142  stm32f10x_exti.o(.text)
    EXTI_StructInit                          0x0800d6fb   Thumb Code    16  stm32f10x_exti.o(.text)
    EXTI_GenerateSWInterrupt                 0x0800d70b   Thumb Code    16  stm32f10x_exti.o(.text)
    EXTI_GetFlagStatus                       0x0800d71b   Thumb Code    22  stm32f10x_exti.o(.text)
    EXTI_ClearFlag                           0x0800d731   Thumb Code     8  stm32f10x_exti.o(.text)
    EXTI_GetITStatus                         0x0800d739   Thumb Code    34  stm32f10x_exti.o(.text)
    EXTI_ClearITPendingBit                   0x0800d75b   Thumb Code     8  stm32f10x_exti.o(.text)
    FLASH_SetLatency                         0x0800d76d   Thumb Code    18  stm32f10x_flash.o(.text)
    FLASH_HalfCycleAccessCmd                 0x0800d77f   Thumb Code    22  stm32f10x_flash.o(.text)
    FLASH_PrefetchBufferCmd                  0x0800d795   Thumb Code    22  stm32f10x_flash.o(.text)
    FLASH_Unlock                             0x0800d7ab   Thumb Code    12  stm32f10x_flash.o(.text)
    FLASH_UnlockBank1                        0x0800d7b7   Thumb Code    12  stm32f10x_flash.o(.text)
    FLASH_Lock                               0x0800d7c3   Thumb Code    14  stm32f10x_flash.o(.text)
    FLASH_LockBank1                          0x0800d7d1   Thumb Code    14  stm32f10x_flash.o(.text)
    FLASH_GetBank1Status                     0x0800d7df   Thumb Code    48  stm32f10x_flash.o(.text)
    FLASH_WaitForLastOperation               0x0800d80f   Thumb Code    38  stm32f10x_flash.o(.text)
    FLASH_ErasePage                          0x0800d835   Thumb Code    72  stm32f10x_flash.o(.text)
    FLASH_EraseAllPages                      0x0800d87d   Thumb Code    68  stm32f10x_flash.o(.text)
    FLASH_WaitForLastBank1Operation          0x0800d8c1   Thumb Code    38  stm32f10x_flash.o(.text)
    FLASH_EraseAllBank1Pages                 0x0800d8e7   Thumb Code    68  stm32f10x_flash.o(.text)
    FLASH_GetReadOutProtectionStatus         0x0800d92b   Thumb Code    20  stm32f10x_flash.o(.text)
    FLASH_EraseOptionBytes                   0x0800d93f   Thumb Code   150  stm32f10x_flash.o(.text)
    FLASH_ProgramWord                        0x0800d9d5   Thumb Code   102  stm32f10x_flash.o(.text)
    FLASH_ProgramHalfWord                    0x0800da3b   Thumb Code    60  stm32f10x_flash.o(.text)
    FLASH_ProgramOptionByteData              0x0800da77   Thumb Code    72  stm32f10x_flash.o(.text)
    FLASH_EnableWriteProtection              0x0800dabf   Thumb Code   200  stm32f10x_flash.o(.text)
    FLASH_ReadOutProtection                  0x0800db87   Thumb Code   156  stm32f10x_flash.o(.text)
    FLASH_UserOptionByteConfig               0x0800dc23   Thumb Code    88  stm32f10x_flash.o(.text)
    FLASH_GetUserOptionByte                  0x0800dc7b   Thumb Code     8  stm32f10x_flash.o(.text)
    FLASH_GetWriteProtectionOptionByte       0x0800dc83   Thumb Code     6  stm32f10x_flash.o(.text)
    FLASH_GetPrefetchBufferStatus            0x0800dc89   Thumb Code    20  stm32f10x_flash.o(.text)
    FLASH_ITConfig                           0x0800dc9d   Thumb Code    26  stm32f10x_flash.o(.text)
    FLASH_GetFlagStatus                      0x0800dcb7   Thumb Code    42  stm32f10x_flash.o(.text)
    FLASH_ClearFlag                          0x0800dce1   Thumb Code     6  stm32f10x_flash.o(.text)
    FLASH_GetStatus                          0x0800dce7   Thumb Code    48  stm32f10x_flash.o(.text)
    GPIO_DeInit                              0x0800dd29   Thumb Code   172  stm32f10x_gpio.o(.text)
    GPIO_AFIODeInit                          0x0800ddd5   Thumb Code    20  stm32f10x_gpio.o(.text)
    GPIO_Init                                0x0800dde9   Thumb Code   278  stm32f10x_gpio.o(.text)
    GPIO_StructInit                          0x0800deff   Thumb Code    16  stm32f10x_gpio.o(.text)
    GPIO_ReadInputDataBit                    0x0800df0f   Thumb Code    18  stm32f10x_gpio.o(.text)
    GPIO_ReadInputData                       0x0800df21   Thumb Code     8  stm32f10x_gpio.o(.text)
    GPIO_ReadOutputDataBit                   0x0800df29   Thumb Code    18  stm32f10x_gpio.o(.text)
    GPIO_ReadOutputData                      0x0800df3b   Thumb Code     8  stm32f10x_gpio.o(.text)
    GPIO_SetBits                             0x0800df43   Thumb Code     4  stm32f10x_gpio.o(.text)
    GPIO_ResetBits                           0x0800df47   Thumb Code     4  stm32f10x_gpio.o(.text)
    GPIO_WriteBit                            0x0800df4b   Thumb Code    10  stm32f10x_gpio.o(.text)
    GPIO_Write                               0x0800df55   Thumb Code     4  stm32f10x_gpio.o(.text)
    GPIO_PinLockConfig                       0x0800df59   Thumb Code    18  stm32f10x_gpio.o(.text)
    GPIO_EventOutputConfig                   0x0800df6b   Thumb Code    26  stm32f10x_gpio.o(.text)
    GPIO_EventOutputCmd                      0x0800df85   Thumb Code     6  stm32f10x_gpio.o(.text)
    GPIO_PinRemapConfig                      0x0800df8b   Thumb Code   138  stm32f10x_gpio.o(.text)
    GPIO_EXTILineConfig                      0x0800e015   Thumb Code    66  stm32f10x_gpio.o(.text)
    GPIO_ETH_MediaInterfaceConfig            0x0800e057   Thumb Code     8  stm32f10x_gpio.o(.text)
    IWDG_WriteAccessCmd                      0x0800e085   Thumb Code     6  stm32f10x_iwdg.o(.text)
    IWDG_SetPrescaler                        0x0800e08b   Thumb Code     6  stm32f10x_iwdg.o(.text)
    IWDG_SetReload                           0x0800e091   Thumb Code     6  stm32f10x_iwdg.o(.text)
    IWDG_ReloadCounter                       0x0800e097   Thumb Code    10  stm32f10x_iwdg.o(.text)
    IWDG_Enable                              0x0800e0a1   Thumb Code    10  stm32f10x_iwdg.o(.text)
    IWDG_GetFlagStatus                       0x0800e0ab   Thumb Code    20  stm32f10x_iwdg.o(.text)
    PWR_DeInit                               0x0800e0c5   Thumb Code    22  stm32f10x_pwr.o(.text)
    PWR_BackupAccessCmd                      0x0800e0db   Thumb Code     6  stm32f10x_pwr.o(.text)
    PWR_PVDCmd                               0x0800e0e1   Thumb Code     6  stm32f10x_pwr.o(.text)
    PWR_PVDLevelConfig                       0x0800e0e7   Thumb Code    18  stm32f10x_pwr.o(.text)
    PWR_WakeUpPinCmd                         0x0800e0f9   Thumb Code     8  stm32f10x_pwr.o(.text)
    PWR_EnterSTOPMode                        0x0800e101   Thumb Code    54  stm32f10x_pwr.o(.text)
    PWR_EnterSTANDBYMode                     0x0800e137   Thumb Code    42  stm32f10x_pwr.o(.text)
    PWR_GetFlagStatus                        0x0800e161   Thumb Code    20  stm32f10x_pwr.o(.text)
    PWR_ClearFlag                            0x0800e175   Thumb Code    14  stm32f10x_pwr.o(.text)
    RCC_DeInit                               0x0800e191   Thumb Code    64  stm32f10x_rcc.o(.text)
    RCC_HSEConfig                            0x0800e1d1   Thumb Code    70  stm32f10x_rcc.o(.text)
    RCC_GetFlagStatus                        0x0800e217   Thumb Code    56  stm32f10x_rcc.o(.text)
    RCC_WaitForHSEStartUp                    0x0800e24f   Thumb Code    56  stm32f10x_rcc.o(.text)
    RCC_AdjustHSICalibrationValue            0x0800e287   Thumb Code    20  stm32f10x_rcc.o(.text)
    RCC_HSICmd                               0x0800e29b   Thumb Code     6  stm32f10x_rcc.o(.text)
    RCC_PLLConfig                            0x0800e2a1   Thumb Code    24  stm32f10x_rcc.o(.text)
    RCC_PLLCmd                               0x0800e2b9   Thumb Code     6  stm32f10x_rcc.o(.text)
    RCC_SYSCLKConfig                         0x0800e2bf   Thumb Code    18  stm32f10x_rcc.o(.text)
    RCC_GetSYSCLKSource                      0x0800e2d1   Thumb Code    10  stm32f10x_rcc.o(.text)
    RCC_HCLKConfig                           0x0800e2db   Thumb Code    18  stm32f10x_rcc.o(.text)
    RCC_PCLK1Config                          0x0800e2ed   Thumb Code    18  stm32f10x_rcc.o(.text)
    RCC_PCLK2Config                          0x0800e2ff   Thumb Code    20  stm32f10x_rcc.o(.text)
    RCC_ITConfig                             0x0800e313   Thumb Code    26  stm32f10x_rcc.o(.text)
    RCC_USBCLKConfig                         0x0800e32d   Thumb Code     8  stm32f10x_rcc.o(.text)
    RCC_ADCCLKConfig                         0x0800e335   Thumb Code    18  stm32f10x_rcc.o(.text)
    RCC_LSEConfig                            0x0800e347   Thumb Code    50  stm32f10x_rcc.o(.text)
    RCC_LSICmd                               0x0800e379   Thumb Code     6  stm32f10x_rcc.o(.text)
    RCC_RTCCLKConfig                         0x0800e37f   Thumb Code    12  stm32f10x_rcc.o(.text)
    RCC_RTCCLKCmd                            0x0800e38b   Thumb Code     8  stm32f10x_rcc.o(.text)
    RCC_GetClocksFreq                        0x0800e393   Thumb Code   192  stm32f10x_rcc.o(.text)
    RCC_AHBPeriphClockCmd                    0x0800e453   Thumb Code    26  stm32f10x_rcc.o(.text)
    RCC_APB2PeriphClockCmd                   0x0800e46d   Thumb Code    26  stm32f10x_rcc.o(.text)
    RCC_APB1PeriphClockCmd                   0x0800e487   Thumb Code    26  stm32f10x_rcc.o(.text)
    RCC_APB2PeriphResetCmd                   0x0800e4a1   Thumb Code    26  stm32f10x_rcc.o(.text)
    RCC_APB1PeriphResetCmd                   0x0800e4bb   Thumb Code    26  stm32f10x_rcc.o(.text)
    RCC_BackupResetCmd                       0x0800e4d5   Thumb Code     8  stm32f10x_rcc.o(.text)
    RCC_ClockSecuritySystemCmd               0x0800e4dd   Thumb Code     6  stm32f10x_rcc.o(.text)
    RCC_MCOConfig                            0x0800e4e3   Thumb Code     6  stm32f10x_rcc.o(.text)
    RCC_ClearFlag                            0x0800e4e9   Thumb Code    14  stm32f10x_rcc.o(.text)
    RCC_GetITStatus                          0x0800e4f7   Thumb Code    20  stm32f10x_rcc.o(.text)
    RCC_ClearITPendingBit                    0x0800e50b   Thumb Code     6  stm32f10x_rcc.o(.text)
    RTC_ITConfig                             0x0800e535   Thumb Code    26  stm32f10x_rtc.o(.text)
    RTC_EnterConfigMode                      0x0800e54f   Thumb Code    18  stm32f10x_rtc.o(.text)
    RTC_ExitConfigMode                       0x0800e561   Thumb Code    20  stm32f10x_rtc.o(.text)
    RTC_GetCounter                           0x0800e575   Thumb Code    18  stm32f10x_rtc.o(.text)
    RTC_SetCounter                           0x0800e587   Thumb Code    26  stm32f10x_rtc.o(.text)
    RTC_SetPrescaler                         0x0800e5a1   Thumb Code    28  stm32f10x_rtc.o(.text)
    RTC_SetAlarm                             0x0800e5bd   Thumb Code    26  stm32f10x_rtc.o(.text)
    RTC_GetDivider                           0x0800e5d7   Thumb Code    22  stm32f10x_rtc.o(.text)
    RTC_WaitForLastTask                      0x0800e5ed   Thumb Code    18  stm32f10x_rtc.o(.text)
    RTC_WaitForSynchro                       0x0800e5ff   Thumb Code    36  stm32f10x_rtc.o(.text)
    RTC_GetFlagStatus                        0x0800e623   Thumb Code    22  stm32f10x_rtc.o(.text)
    RTC_ClearFlag                            0x0800e639   Thumb Code    16  stm32f10x_rtc.o(.text)
    RTC_GetITStatus                          0x0800e649   Thumb Code    32  stm32f10x_rtc.o(.text)
    RTC_ClearITPendingBit                    0x0800e669   Thumb Code    16  stm32f10x_rtc.o(.text)
    TIM_DeInit                               0x0800e67d   Thumb Code   424  stm32f10x_tim.o(.text)
    TIM_TimeBaseInit                         0x0800e825   Thumb Code   122  stm32f10x_tim.o(.text)
    TIM_OC1Init                              0x0800e89f   Thumb Code   132  stm32f10x_tim.o(.text)
    TIM_OC2Init                              0x0800e923   Thumb Code   154  stm32f10x_tim.o(.text)
    TIM_OC3Init                              0x0800e9bd   Thumb Code   150  stm32f10x_tim.o(.text)
    TIM_OC4Init                              0x0800ea53   Thumb Code   182  stm32f10x_tim.o(.text)
    TIM_SetIC4Prescaler                      0x0800eb09   Thumb Code    26  stm32f10x_tim.o(.text)
    TIM_SetIC3Prescaler                      0x0800eba5   Thumb Code    18  stm32f10x_tim.o(.text)
    TIM_SetIC2Prescaler                      0x0800ec31   Thumb Code    26  stm32f10x_tim.o(.text)
    TIM_SetIC1Prescaler                      0x0800eccd   Thumb Code    18  stm32f10x_tim.o(.text)
    TIM_ICInit                               0x0800ed4b   Thumb Code   150  stm32f10x_tim.o(.text)
    TIM_PWMIConfig                           0x0800ede1   Thumb Code   124  stm32f10x_tim.o(.text)
    TIM_BDTRConfig                           0x0800ee5d   Thumb Code    32  stm32f10x_tim.o(.text)
    TIM_TimeBaseStructInit                   0x0800ee7d   Thumb Code    18  stm32f10x_tim.o(.text)
    TIM_OCStructInit                         0x0800ee8f   Thumb Code    20  stm32f10x_tim.o(.text)
    TIM_ICStructInit                         0x0800eea3   Thumb Code    18  stm32f10x_tim.o(.text)
    TIM_BDTRStructInit                       0x0800eeb5   Thumb Code    40  stm32f10x_tim.o(.text)
    TIM_Cmd                                  0x0800eedd   Thumb Code    24  stm32f10x_tim.o(.text)
    TIM_CtrlPWMOutputs                       0x0800eef5   Thumb Code    30  stm32f10x_tim.o(.text)
    TIM_ITConfig                             0x0800ef13   Thumb Code    18  stm32f10x_tim.o(.text)
    TIM_GenerateEvent                        0x0800ef25   Thumb Code     4  stm32f10x_tim.o(.text)
    TIM_DMAConfig                            0x0800ef29   Thumb Code    10  stm32f10x_tim.o(.text)
    TIM_DMACmd                               0x0800ef33   Thumb Code    18  stm32f10x_tim.o(.text)
    TIM_InternalClockConfig                  0x0800ef45   Thumb Code    12  stm32f10x_tim.o(.text)
    TIM_SelectInputTrigger                   0x0800ef51   Thumb Code    18  stm32f10x_tim.o(.text)
    TIM_ITRxExternalClockConfig              0x0800ef63   Thumb Code    24  stm32f10x_tim.o(.text)
    TIM_TIxExternalClockConfig               0x0800ef7b   Thumb Code    62  stm32f10x_tim.o(.text)
    TIM_ETRConfig                            0x0800efb9   Thumb Code    28  stm32f10x_tim.o(.text)
    TIM_ETRClockMode1Config                  0x0800efd5   Thumb Code    54  stm32f10x_tim.o(.text)
    TIM_ETRClockMode2Config                  0x0800f00b   Thumb Code    32  stm32f10x_tim.o(.text)
    TIM_PrescalerConfig                      0x0800f02b   Thumb Code     6  stm32f10x_tim.o(.text)
    TIM_CounterModeConfig                    0x0800f031   Thumb Code    18  stm32f10x_tim.o(.text)
    TIM_EncoderInterfaceConfig               0x0800f043   Thumb Code    66  stm32f10x_tim.o(.text)
    TIM_ForcedOC1Config                      0x0800f085   Thumb Code    18  stm32f10x_tim.o(.text)
    TIM_ForcedOC2Config                      0x0800f097   Thumb Code    26  stm32f10x_tim.o(.text)
    TIM_ForcedOC3Config                      0x0800f0b1   Thumb Code    18  stm32f10x_tim.o(.text)
    TIM_ForcedOC4Config                      0x0800f0c3   Thumb Code    26  stm32f10x_tim.o(.text)
    TIM_ARRPreloadConfig                     0x0800f0dd   Thumb Code    24  stm32f10x_tim.o(.text)
    TIM_SelectCOM                            0x0800f0f5   Thumb Code    24  stm32f10x_tim.o(.text)
    TIM_SelectCCDMA                          0x0800f10d   Thumb Code    24  stm32f10x_tim.o(.text)
    TIM_CCPreloadControl                     0x0800f125   Thumb Code    24  stm32f10x_tim.o(.text)
    TIM_OC1PreloadConfig                     0x0800f13d   Thumb Code    18  stm32f10x_tim.o(.text)
    TIM_OC2PreloadConfig                     0x0800f14f   Thumb Code    26  stm32f10x_tim.o(.text)
    TIM_OC3PreloadConfig                     0x0800f169   Thumb Code    18  stm32f10x_tim.o(.text)
    TIM_OC4PreloadConfig                     0x0800f17b   Thumb Code    26  stm32f10x_tim.o(.text)
    TIM_OC1FastConfig                        0x0800f195   Thumb Code    18  stm32f10x_tim.o(.text)
    TIM_OC2FastConfig                        0x0800f1a7   Thumb Code    26  stm32f10x_tim.o(.text)
    TIM_OC3FastConfig                        0x0800f1c1   Thumb Code    18  stm32f10x_tim.o(.text)
    TIM_OC4FastConfig                        0x0800f1d3   Thumb Code    26  stm32f10x_tim.o(.text)
    TIM_ClearOC1Ref                          0x0800f1ed   Thumb Code    18  stm32f10x_tim.o(.text)
    TIM_ClearOC2Ref                          0x0800f1ff   Thumb Code    24  stm32f10x_tim.o(.text)
    TIM_ClearOC3Ref                          0x0800f217   Thumb Code    18  stm32f10x_tim.o(.text)
    TIM_ClearOC4Ref                          0x0800f229   Thumb Code    24  stm32f10x_tim.o(.text)
    TIM_OC1PolarityConfig                    0x0800f241   Thumb Code    18  stm32f10x_tim.o(.text)
    TIM_OC1NPolarityConfig                   0x0800f253   Thumb Code    18  stm32f10x_tim.o(.text)
    TIM_OC2PolarityConfig                    0x0800f265   Thumb Code    26  stm32f10x_tim.o(.text)
    TIM_OC2NPolarityConfig                   0x0800f27f   Thumb Code    26  stm32f10x_tim.o(.text)
    TIM_OC3PolarityConfig                    0x0800f299   Thumb Code    26  stm32f10x_tim.o(.text)
    TIM_OC3NPolarityConfig                   0x0800f2b3   Thumb Code    26  stm32f10x_tim.o(.text)
    TIM_OC4PolarityConfig                    0x0800f2cd   Thumb Code    26  stm32f10x_tim.o(.text)
    TIM_CCxCmd                               0x0800f2e7   Thumb Code    30  stm32f10x_tim.o(.text)
    TIM_CCxNCmd                              0x0800f305   Thumb Code    30  stm32f10x_tim.o(.text)
    TIM_SelectOCxM                           0x0800f323   Thumb Code    82  stm32f10x_tim.o(.text)
    TIM_UpdateDisableConfig                  0x0800f375   Thumb Code    24  stm32f10x_tim.o(.text)
    TIM_UpdateRequestConfig                  0x0800f38d   Thumb Code    24  stm32f10x_tim.o(.text)
    TIM_SelectHallSensor                     0x0800f3a5   Thumb Code    24  stm32f10x_tim.o(.text)
    TIM_SelectOnePulseMode                   0x0800f3bd   Thumb Code    18  stm32f10x_tim.o(.text)
    TIM_SelectOutputTrigger                  0x0800f3cf   Thumb Code    18  stm32f10x_tim.o(.text)
    TIM_SelectSlaveMode                      0x0800f3e1   Thumb Code    18  stm32f10x_tim.o(.text)
    TIM_SelectMasterSlaveMode                0x0800f3f3   Thumb Code    18  stm32f10x_tim.o(.text)
    TIM_SetCounter                           0x0800f405   Thumb Code     4  stm32f10x_tim.o(.text)
    TIM_SetAutoreload                        0x0800f409   Thumb Code     4  stm32f10x_tim.o(.text)
    TIM_SetCompare1                          0x0800f40d   Thumb Code     4  stm32f10x_tim.o(.text)
    TIM_SetCompare2                          0x0800f411   Thumb Code     4  stm32f10x_tim.o(.text)
    TIM_SetCompare3                          0x0800f415   Thumb Code     4  stm32f10x_tim.o(.text)
    TIM_SetCompare4                          0x0800f419   Thumb Code     6  stm32f10x_tim.o(.text)
    TIM_SetClockDivision                     0x0800f41f   Thumb Code    18  stm32f10x_tim.o(.text)
    TIM_GetCapture1                          0x0800f431   Thumb Code     6  stm32f10x_tim.o(.text)
    TIM_GetCapture2                          0x0800f437   Thumb Code     6  stm32f10x_tim.o(.text)
    TIM_GetCapture3                          0x0800f43d   Thumb Code     6  stm32f10x_tim.o(.text)
    TIM_GetCapture4                          0x0800f443   Thumb Code     8  stm32f10x_tim.o(.text)
    TIM_GetCounter                           0x0800f44b   Thumb Code     6  stm32f10x_tim.o(.text)
    TIM_GetPrescaler                         0x0800f451   Thumb Code     6  stm32f10x_tim.o(.text)
    TIM_GetFlagStatus                        0x0800f457   Thumb Code    18  stm32f10x_tim.o(.text)
    TIM_ClearFlag                            0x0800f469   Thumb Code     6  stm32f10x_tim.o(.text)
    TIM_GetITStatus                          0x0800f46f   Thumb Code    34  stm32f10x_tim.o(.text)
    TIM_ClearITPendingBit                    0x0800f491   Thumb Code     6  stm32f10x_tim.o(.text)
    USART_DeInit                             0x0800f499   Thumb Code   134  stm32f10x_usart.o(.text)
    USART_Init                               0x0800f51f   Thumb Code   210  stm32f10x_usart.o(.text)
    USART_StructInit                         0x0800f5f1   Thumb Code    24  stm32f10x_usart.o(.text)
    USART_ClockInit                          0x0800f609   Thumb Code    34  stm32f10x_usart.o(.text)
    USART_ClockStructInit                    0x0800f62b   Thumb Code    12  stm32f10x_usart.o(.text)
    USART_Cmd                                0x0800f637   Thumb Code    24  stm32f10x_usart.o(.text)
    USART_ITConfig                           0x0800f64f   Thumb Code    74  stm32f10x_usart.o(.text)
    USART_DMACmd                             0x0800f699   Thumb Code    18  stm32f10x_usart.o(.text)
    USART_SetAddress                         0x0800f6ab   Thumb Code    18  stm32f10x_usart.o(.text)
    USART_WakeUpConfig                       0x0800f6bd   Thumb Code    18  stm32f10x_usart.o(.text)
    USART_ReceiverWakeUpCmd                  0x0800f6cf   Thumb Code    24  stm32f10x_usart.o(.text)
    USART_LINBreakDetectLengthConfig         0x0800f6e7   Thumb Code    18  stm32f10x_usart.o(.text)
    USART_LINCmd                             0x0800f6f9   Thumb Code    24  stm32f10x_usart.o(.text)
    USART_SendData                           0x0800f711   Thumb Code     8  stm32f10x_usart.o(.text)
    USART_ReceiveData                        0x0800f719   Thumb Code    10  stm32f10x_usart.o(.text)
    USART_SendBreak                          0x0800f723   Thumb Code    10  stm32f10x_usart.o(.text)
    USART_SetGuardTime                       0x0800f72d   Thumb Code    16  stm32f10x_usart.o(.text)
    USART_SetPrescaler                       0x0800f73d   Thumb Code    16  stm32f10x_usart.o(.text)
    USART_SmartCardCmd                       0x0800f74d   Thumb Code    24  stm32f10x_usart.o(.text)
    USART_SmartCardNACKCmd                   0x0800f765   Thumb Code    24  stm32f10x_usart.o(.text)
    USART_HalfDuplexCmd                      0x0800f77d   Thumb Code    24  stm32f10x_usart.o(.text)
    USART_OverSampling8Cmd                   0x0800f795   Thumb Code    22  stm32f10x_usart.o(.text)
    USART_OneBitMethodCmd                    0x0800f7ab   Thumb Code    24  stm32f10x_usart.o(.text)
    USART_IrDAConfig                         0x0800f7c3   Thumb Code    18  stm32f10x_usart.o(.text)
    USART_IrDACmd                            0x0800f7d5   Thumb Code    24  stm32f10x_usart.o(.text)
    USART_GetFlagStatus                      0x0800f7ed   Thumb Code    26  stm32f10x_usart.o(.text)
    USART_ClearFlag                          0x0800f807   Thumb Code    18  stm32f10x_usart.o(.text)
    USART_GetITStatus                        0x0800f819   Thumb Code    84  stm32f10x_usart.o(.text)
    USART_ClearITPendingBit                  0x0800f86d   Thumb Code    52  stm32f10x_usart.o(.text)
    HalCpuInit                               0x0800f8a1   Thumb Code   160  hal_cpu.o(.text)
    HalCpuGetID                              0x0800f941   Thumb Code    72  hal_cpu.o(.text)
    HalIwdgFred                              0x0800f989   Thumb Code     8  hal_cpu.o(.text)
    HalIwdgInit                              0x0800f999   Thumb Code    54  hal_cpu.o(.text)
    usleep                                   0x0800f9cf   Thumb Code    84  hal_cpu.o(.text)
    msleep                                   0x0800fa23   Thumb Code    84  hal_cpu.o(.text)
    HalExtiRegist                            0x0800fa99   Thumb Code   132  hal_exti.o(.text)
    EXTI0_IRQHandler                         0x0800fb1d   Thumb Code    30  hal_exti.o(.text)
    EXTI1_IRQHandler                         0x0800fb3b   Thumb Code    32  hal_exti.o(.text)
    EXTI2_IRQHandler                         0x0800fb5b   Thumb Code    32  hal_exti.o(.text)
    EXTI3_IRQHandler                         0x0800fb7b   Thumb Code    32  hal_exti.o(.text)
    EXTI4_IRQHandler                         0x0800fb9b   Thumb Code    32  hal_exti.o(.text)
    EXTI9_5_IRQHandler                       0x0800fbbb   Thumb Code   148  hal_exti.o(.text)
    EXTI15_10_IRQHandler                     0x0800fc4f   Thumb Code   184  hal_exti.o(.text)
    HalFlashUnlock                           0x0800fd27   Thumb Code   150  hal_flash.o(.text)
    HalFlashErase                            0x0800fdbd   Thumb Code    82  hal_flash.o(.text)
    HalFlashWrite                            0x0800fe0f   Thumb Code   108  hal_flash.o(.text)
    HalFlashRead                             0x0800fe7b   Thumb Code    30  hal_flash.o(.text)
    HalFlashReadWriteE2PROW                  0x0800fe99   Thumb Code   150  hal_flash.o(.text)
    HalGpioInit                              0x0800ff41   Thumb Code    34  hal_gpio.o(.text)
    HalGpioWrite                             0x0800ff63   Thumb Code    30  hal_gpio.o(.text)
    HalGpioReadInputBit                      0x0800ff81   Thumb Code    18  hal_gpio.o(.text)
    HalGpioReadOutputBit                     0x0800ff93   Thumb Code    18  hal_gpio.o(.text)
    HalGpioReadInput                         0x0800ffa5   Thumb Code     8  hal_gpio.o(.text)
    HalGpioReadOutput                        0x0800ffad   Thumb Code     8  hal_gpio.o(.text)
    HalGpioReadBit                           0x0800ffb5   Thumb Code    30  hal_gpio.o(.text)
    HalGpioRead                              0x0800ffd3   Thumb Code    24  hal_gpio.o(.text)
    HalIapProgramApp                         0x0800ffed   Thumb Code    44  hal_iap.o(.text)
    HalIapRead                               0x08010019   Thumb Code    30  hal_iap.o(.text)
    HalIapRW_EEPROM                          0x08010037   Thumb Code   150  hal_iap.o(.text)
    HalIapSetIsAppActive                     0x080100cd   Thumb Code    18  hal_iap.o(.text)
    HalIapIsAppActive                        0x080100df   Thumb Code    30  hal_iap.o(.text)
    HalIapJmp2addr                           0x08010119   Thumb Code   114  hal_iap.o(.text)
    HalIapRemap                              0x0801018b   Thumb Code     6  hal_iap.o(.text)
    TIM2_IRQHandler                          0x08010561   Thumb Code   118  hal_timer.o(.text)
    TIM3_IRQHandler                          0x080105d7   Thumb Code    34  hal_timer.o(.text)
    TIM4_IRQHandler                          0x080105f9   Thumb Code    80  hal_timer.o(.text)
    TIM6_IRQHandler                          0x08010649   Thumb Code    34  hal_timer.o(.text)
    TIM7_IRQHandler                          0x0801066b   Thumb Code    34  hal_timer.o(.text)
    HalSetShareTimer                         0x0801068d   Thumb Code   178  hal_timer.o(.text)
    HalSetIndeTimer                          0x0801073f   Thumb Code   150  hal_timer.o(.text)
    HalKillTimerWithFunc                     0x080107d5   Thumb Code   230  hal_timer.o(.text)
    HalKillTimerWithID                       0x080108bb   Thumb Code   126  hal_timer.o(.text)
    USART1_IRQHandler                        0x080110f5   Thumb Code    38  hal_uart.o(.text)
    USART2_IRQHandler                        0x0801111b   Thumb Code    38  hal_uart.o(.text)
    USART3_IRQHandler                        0x08011141   Thumb Code    80  hal_uart.o(.text)
    UART4_IRQHandler                         0x08011191   Thumb Code    38  hal_uart.o(.text)
    UART5_IRQHandler                         0x080111b7   Thumb Code    38  hal_uart.o(.text)
    hal_uart_getinstance                     0x08011309   Thumb Code    26  hal_uart.o(.text)
    fputc                                    0x08011323   Thumb Code    16  hal_uart.o(.text)
    hal_rtc_get                              0x080114bd   Thumb Code    18  hal_rtc.o(.text)
    RTC_IRQHandler                           0x080114cf   Thumb Code    70  hal_rtc.o(.text)
    hal_rtc_init                             0x08011515   Thumb Code   212  hal_rtc.o(.text)
    hal_rtc_set                              0x080115e9   Thumb Code    26  hal_rtc.o(.text)
    settime                                  0x08011603   Thumb Code    18  hal_rtc.o(.text)
    time                                     0x08011615   Thumb Code    18  hal_rtc.o(.text)
    localtime                                0x08011627   Thumb Code   292  hal_rtc.o(.text)
    osal_error_setLastError                  0x08011765   Thumb Code     6  osal_error.o(.text)
    osal_error_getLastError                  0x0801176b   Thumb Code     6  osal_error.o(.text)
    osal_sock_ntohs                          0x08011775   Thumb Code    28  osal_sock.o(.text)
    osal_sock_htons                          0x08011791   Thumb Code    28  osal_sock.o(.text)
    osal_sock_ntohl                          0x080117ad   Thumb Code    44  osal_sock.o(.text)
    osal_sock_htonl                          0x080117d9   Thumb Code    44  osal_sock.o(.text)
    osal_task_create                         0x08011809   Thumb Code   124  osal_task.o(.text)
    osal_task_kill                           0x08011885   Thumb Code   150  osal_task.o(.text)
    osal_task_killAll                        0x0801191b   Thumb Code     8  osal_task.o(.text)
    osal_task_setRunPeriod                   0x08011923   Thumb Code    86  osal_task.o(.text)
    osal_task_run                            0x08011979   Thumb Code    98  osal_task.o(.text)
    osal_router_getAddress                   0x080119e5   Thumb Code     6  osal_router.o(.text)
    osal_router_sendMsg                      0x080119eb   Thumb Code    50  osal_router.o(.text)
    osal_router_setAddress                   0x08011a1d   Thumb Code    26  osal_router.o(.text)
    osal_router_checkAddress                 0x08011ab5   Thumb Code    26  osal_router.o(.text)
    osal_router_OnCommMsg                    0x08011acf   Thumb Code    78  osal_router.o(.text)
    osal_router_setCommPort                  0x08011b1d   Thumb Code    48  osal_router.o(.text)
    osal_router_getFreeMsgHandle             0x08011b4d   Thumb Code     4  osal_router.o(.text)
    osal_router_init                         0x08011b55   Thumb Code    74  osal_router.o(.text)
    esp8266_ClrData                          0x08011c8d   Thumb Code    20  esp8266.o(.text)
    esp8266_Init                             0x08011d0f   Thumb Code    70  esp8266.o(.text)
    esp8266_StopTransparent                  0x08011d55   Thumb Code    70  esp8266.o(.text)
    esp8266_desconnet_wifi                   0x08011d9b   Thumb Code    16  esp8266.o(.text)
    esp8266_desconnet                        0x08011dab   Thumb Code    16  esp8266.o(.text)
    esp8266_DeInit                           0x08011dbb   Thumb Code    50  esp8266.o(.text)
    esp8266_connet_wifi                      0x08011ded   Thumb Code   162  esp8266.o(.text)
    esp8266_StartTransparent                 0x08011e8f   Thumb Code    58  esp8266.o(.text)
    esp8266_check                            0x08011ec9   Thumb Code   146  esp8266.o(.text)
    esp8266_isWifiConnet                     0x08011f5b   Thumb Code    18  esp8266.o(.text)
    esp8266_connet                           0x08011f6d   Thumb Code    98  esp8266.o(.text)
    esp8266_isConnet                         0x08011fcf   Thumb Code   398  esp8266.o(.text)
    esp8266_setIp                            0x0801215d   Thumb Code   144  esp8266.o(.text)
    esp8266_setMac                           0x080121ed   Thumb Code    84  esp8266.o(.text)
    esp8266_add_rx_obser                     0x08012241   Thumb Code     6  esp8266.o(.text)
    esp8266_write                            0x08012247   Thumb Code    64  esp8266.o(.text)
    esp8266_reset                            0x08012287   Thumb Code    40  esp8266.o(.text)
    esp8266_getinstance                      0x0801230f   Thumb Code    28  esp8266.o(.text)
    comm_getInstance                         0x08012b75   Thumb Code    22  comm.o(.text)
    comm_registe                             0x08012b8b   Thumb Code    34  comm.o(.text)
    comm_esp8266_getInstance                 0x08013367   Thumb Code    18  comm_esp8266.o(.text)
    bd_updateunit_OnCommMsg                  0x080133b5   Thumb Code   176  updateunit.o(.text)
    bd_updateunit_Init                       0x08013465   Thumb Code     6  updateunit.o(.text)
    DebugUnit_OnMsgEvent                     0x08013825   Thumb Code   190  debugunit.o(.text)
    checkParamStr                            0x0801395b   Thumb Code    32  application.o(.text)
    application_init                         0x0801397b   Thumb Code   458  application.o(.text)
    __aeabi_memcpy                           0x08013b8d   Thumb Code    36  memcpya.o(.text)
    __aeabi_memcpy4                          0x08013b8d   Thumb Code     0  memcpya.o(.text)
    __aeabi_memcpy8                          0x08013b8d   Thumb Code     0  memcpya.o(.text)
    __aeabi_memset                           0x08013bb1   Thumb Code    14  memseta.o(.text)
    __aeabi_memset4                          0x08013bb1   Thumb Code     0  memseta.o(.text)
    __aeabi_memset8                          0x08013bb1   Thumb Code     0  memseta.o(.text)
    __aeabi_memclr                           0x08013bbf   Thumb Code     4  memseta.o(.text)
    __aeabi_memclr4                          0x08013bbf   Thumb Code     0  memseta.o(.text)
    __aeabi_memclr8                          0x08013bbf   Thumb Code     0  memseta.o(.text)
    _memset$wrapper                          0x08013bc3   Thumb Code    18  memseta.o(.text)
    strstr                                   0x08013bd5   Thumb Code    36  strstr.o(.text)
    strlen                                   0x08013bf9   Thumb Code    14  strlen.o(.text)
    __aeabi_uldivmod                         0x08013c07   Thumb Code    98  uldiv.o(.text)
    __scatterload                            0x08013c69   Thumb Code    28  init.o(.text)
    __scatterload_rt2                        0x08013c69   Thumb Code     0  init.o(.text)
    __aeabi_llsl                             0x08013c8d   Thumb Code    30  llshl.o(.text)
    _ll_shift_l                              0x08013c8d   Thumb Code     0  llshl.o(.text)
    __aeabi_llsr                             0x08013cab   Thumb Code    32  llushr.o(.text)
    _ll_ushift_r                             0x08013cab   Thumb Code     0  llushr.o(.text)
    __0printf$8                              0x08013ccd   Thumb Code    22  printf8.o(i.__0printf$8)
    __1printf$8                              0x08013ccd   Thumb Code     0  printf8.o(i.__0printf$8)
    __2printf                                0x08013ccd   Thumb Code     0  printf8.o(i.__0printf$8)
    __0sprintf$8                             0x08013ced   Thumb Code    34  printf8.o(i.__0sprintf$8)
    __1sprintf$8                             0x08013ced   Thumb Code     0  printf8.o(i.__0sprintf$8)
    __2sprintf                               0x08013ced   Thumb Code     0  printf8.o(i.__0sprintf$8)
    __scatterload_copy                       0x08013d15   Thumb Code    14  handlers.o(i.__scatterload_copy)
    __scatterload_null                       0x08013d23   Thumb Code     2  handlers.o(i.__scatterload_null)
    __scatterload_zeroinit                   0x08013d25   Thumb Code    14  handlers.o(i.__scatterload_zeroinit)
    Region$$Table$$Base                      0x080141ac   Number         0  anon$$obj.o(Region$$Table)
    Region$$Table$$Limit                     0x080141cc   Number         0  anon$$obj.o(Region$$Table)
    SystemCoreClock                          0x20000000   Data           4  system_stm32f10x.o(.data)
    AHBPrescTable                            0x20000004   Data          16  system_stm32f10x.o(.data)
    m_hCallBackInstance                      0x200000a0   Data           4  updateunit.o(.data)
    g_aLocalIP                               0x200000c4   Data           4  global.o(.data)
    g_aLocalGateway                          0x200000c8   Data           4  global.o(.data)
    g_aLocalMask                             0x200000cc   Data           4  global.o(.data)
    g_aLocalMac                              0x200000d0   Data           6  global.o(.data)
    g_bTcpConnet                             0x200000d6   Data           1  global.o(.data)
    g_uServerPort                            0x200000d8   Data           2  global.o(.data)
    g_uWifiState                             0x200000da   Data           2  global.o(.data)
    __stdout                                 0x200000dc   Data           4  stdout.o(.data)
    g_aSsid                                  0x20007c4c   Data          64  global.o(.bss)
    g_aPwd                                   0x20007c8c   Data          64  global.o(.bss)
    g_aServerIp                              0x20007ccc   Data          64  global.o(.bss)
    __initial_sp                             0x20008110   Data           0  startup_stm32f10x_hd.o(STACK)



==============================================================================

Memory Map of the image

  Image Entry point : 0x0800d131

  Load Region LR_IROM1 (Base: 0x0800d000, Size: 0x000072ac, Max: 0x00043000, ABSOLUTE)

    Execution Region ER_IROM1 (Base: 0x0800d000, Size: 0x000071cc, Max: 0x00043000, ABSOLUTE)

    Base Addr    Size         Type   Attr      Idx    E Section Name        Object

    0x0800d000   0x00000130   Data   RO          230    RESET               startup_stm32f10x_hd.o
    0x0800d130   0x00000000   Code   RO         1046  * .ARM.Collect$$$$00000000  mc_w.l(entry.o)
    0x0800d130   0x00000004   Code   RO         1320    .ARM.Collect$$$$00000001  mc_w.l(entry2.o)
    0x0800d134   0x00000004   Code   RO         1323    .ARM.Collect$$$$00000004  mc_w.l(entry5.o)
    0x0800d138   0x00000000   Code   RO         1325    .ARM.Collect$$$$00000008  mc_w.l(entry7b.o)
    0x0800d138   0x00000000   Code   RO         1327    .ARM.Collect$$$$0000000A  mc_w.l(entry8b.o)
    0x0800d138   0x00000008   Code   RO         1328    .ARM.Collect$$$$0000000B  mc_w.l(entry9a.o)
    0x0800d140   0x00000000   Code   RO         1330    .ARM.Collect$$$$0000000D  mc_w.l(entry10a.o)
    0x0800d140   0x00000000   Code   RO         1332    .ARM.Collect$$$$0000000F  mc_w.l(entry11a.o)
    0x0800d140   0x00000004   Code   RO         1321    .ARM.Collect$$$$00002712  mc_w.l(entry2.o)
    0x0800d144   0x00000020   Code   RO          236    .emb_text           core_cm3.o
    0x0800d164   0x00000098   Code   RO            1    .text               main.o
    0x0800d1fc   0x0000001a   Code   RO          195    .text               stm32f10x_it.o
    0x0800d216   0x00000002   PAD
    0x0800d218   0x000001e0   Code   RO          210    .text               system_stm32f10x.o
    0x0800d3f8   0x00000024   Code   RO          231    .text               startup_stm32f10x_hd.o
    0x0800d41c   0x00000068   Code   RO          246    .text               cortexm3_macro.o
    0x0800d484   0x00000108   Code   RO          249    .text               misc.o
    0x0800d58c   0x000000c4   Code   RO          302    .text               stm32f10x_bkp.o
    0x0800d650   0x0000011c   Code   RO          386    .text               stm32f10x_exti.o
    0x0800d76c   0x000005bc   Code   RO          398    .text               stm32f10x_flash.o
    0x0800dd28   0x0000035c   Code   RO          422    .text               stm32f10x_gpio.o
    0x0800e084   0x00000040   Code   RO          446    .text               stm32f10x_iwdg.o
    0x0800e0c4   0x000000cc   Code   RO          458    .text               stm32f10x_pwr.o
    0x0800e190   0x000003a4   Code   RO          470    .text               stm32f10x_rcc.o
    0x0800e534   0x00000148   Code   RO          484    .text               stm32f10x_rtc.o
    0x0800e67c   0x00000e1a   Code   RO          520    .text               stm32f10x_tim.o
    0x0800f496   0x00000002   PAD
    0x0800f498   0x00000408   Code   RO          532    .text               stm32f10x_usart.o
    0x0800f8a0   0x000001f8   Code   RO          580    .text               hal_cpu.o
    0x0800fa98   0x00000274   Code   RO          614    .text               hal_exti.o
    0x0800fd0c   0x00000234   Code   RO          628    .text               hal_flash.o
    0x0800ff40   0x000000aa   Code   RO          645    .text               hal_gpio.o
    0x0800ffea   0x00000002   PAD
    0x0800ffec   0x00000210   Code   RO          672    .text               hal_iap.o
    0x080101fc   0x00000764   Code   RO          700    .text               hal_timer.o
    0x08010960   0x00000a88   Code   RO          715    .text               hal_uart.o
    0x080113e8   0x0000037c   Code   RO          729    .text               hal_rtc.o
    0x08011764   0x00000010   Code   RO          756    .text               osal_error.o
    0x08011774   0x00000094   Code   RO          776    .text               osal_sock.o
    0x08011808   0x000001dc   Code   RO          790    .text               osal_task.o
    0x080119e4   0x000001f0   Code   RO          808    .text               osal_router.o
    0x08011bd4   0x00000810   Code   RO          844    .text               esp8266.o
    0x080123e4   0x00000804   Code   RO          880    .text               comm.o
    0x08012be8   0x000007cc   Code   RO          967    .text               comm_esp8266.o
    0x080133b4   0x000000bc   Code   RO          985    .text               updateunit.o
    0x08013470   0x00000472   Code   RO         1000    .text               debugunit.o
    0x080138e2   0x00000002   PAD
    0x080138e4   0x000002a8   Code   RO         1022    .text               application.o
    0x08013b8c   0x00000024   Code   RO         1049    .text               mc_w.l(memcpya.o)
    0x08013bb0   0x00000024   Code   RO         1051    .text               mc_w.l(memseta.o)
    0x08013bd4   0x00000024   Code   RO         1053    .text               mc_w.l(strstr.o)
    0x08013bf8   0x0000000e   Code   RO         1055    .text               mc_w.l(strlen.o)
    0x08013c06   0x00000062   Code   RO         1337    .text               mc_w.l(uldiv.o)
    0x08013c68   0x00000024   Code   RO         1350    .text               mc_w.l(init.o)
    0x08013c8c   0x0000001e   Code   RO         1352    .text               mc_w.l(llshl.o)
    0x08013caa   0x00000020   Code   RO         1354    .text               mc_w.l(llushr.o)
    0x08013cca   0x00000002   PAD
    0x08013ccc   0x00000020   Code   RO         1266    i.__0printf$8       mc_w.l(printf8.o)
    0x08013cec   0x00000028   Code   RO         1268    i.__0sprintf$8      mc_w.l(printf8.o)
    0x08013d14   0x0000000e   Code   RO         1362    i.__scatterload_copy  mc_w.l(handlers.o)
    0x08013d22   0x00000002   Code   RO         1363    i.__scatterload_null  mc_w.l(handlers.o)
    0x08013d24   0x0000000e   Code   RO         1364    i.__scatterload_zeroinit  mc_w.l(handlers.o)
    0x08013d32   0x00000002   PAD
    0x08013d34   0x00000410   Code   RO         1273    i._printf_core      mc_w.l(printf8.o)
    0x08014144   0x00000024   Code   RO         1274    i._printf_post_padding  mc_w.l(printf8.o)
    0x08014168   0x0000002e   Code   RO         1275    i._printf_pre_padding  mc_w.l(printf8.o)
    0x08014196   0x0000000a   Code   RO         1277    i._sputc            mc_w.l(printf8.o)
    0x080141a0   0x0000000c   Data   RO          731    .constdata          hal_rtc.o
    0x080141ac   0x00000020   Data   RO         1360    Region$$Table       anon$$obj.o


    Execution Region RW_IRAM1 (Base: 0x20000000, Size: 0x00008110, Max: 0x00010000, ABSOLUTE)

    Base Addr    Size         Type   Attr      Idx    E Section Name        Object

    0x20000000   0x00000014   Data   RW          211    .data               system_stm32f10x.o
    0x20000014   0x00000014   Data   RW          471    .data               stm32f10x_rcc.o
    0x20000028   0x00000008   Data   RW          581    .data               hal_cpu.o
    0x20000030   0x00000007   Data   RW          702    .data               hal_timer.o
    0x20000037   0x00000001   PAD
    0x20000038   0x00000002   Data   RW          757    .data               osal_error.o
    0x2000003a   0x00000002   PAD
    0x2000003c   0x00000004   Data   RW          777    .data               osal_sock.o
    0x20000040   0x00000002   Data   RW          792    .data               osal_task.o
    0x20000042   0x00000002   PAD
    0x20000044   0x00000006   Data   RW          810    .data               osal_router.o
    0x2000004a   0x00000002   PAD
    0x2000004c   0x00000017   Data   RW          846    .data               esp8266.o
    0x20000063   0x00000001   PAD
    0x20000064   0x0000001c   Data   RW          882    .data               comm.o
    0x20000080   0x00000020   Data   RW          969    .data               comm_esp8266.o
    0x200000a0   0x00000004   Data   RW          986    .data               updateunit.o
    0x200000a4   0x00000020   Data   RW         1023    .data               application.o
    0x200000c4   0x00000018   Data   RW         1037    .data               global.o
    0x200000dc   0x00000004   Data   RW         1334    .data               mc_w.l(stdout.o)
    0x200000e0   0x00000040   Zero   RW          615    .bss                hal_exti.o
    0x20000120   0x00000200   Zero   RW          629    .bss                hal_flash.o
    0x20000320   0x00000200   Zero   RW          673    .bss                hal_iap.o
    0x20000520   0x000001a0   Zero   RW          701    .bss                hal_timer.o
    0x200006c0   0x00000118   Zero   RW          716    .bss                hal_uart.o
    0x200007d8   0x00000024   Zero   RW          730    .bss                hal_rtc.o
    0x200007fc   0x00000258   Zero   RW          791    .bss                osal_task.o
    0x20000a54   0x00000420   Zero   RW          809    .bss                osal_router.o
    0x20000e74   0x00000120   Zero   RW          845    .bss                esp8266.o
    0x20000f94   0x0000345c   Zero   RW          881    .bss                comm.o
    0x200043f0   0x0000385c   Zero   RW          968    .bss                comm_esp8266.o
    0x20007c4c   0x000000c0   Zero   RW         1036    .bss                global.o
    0x20007d0c   0x00000004   PAD
    0x20007d10   0x00000400   Zero   RW          228    STACK               startup_stm32f10x_hd.o


==============================================================================

Image component sizes


      Code (inc. data)   RO Data    RW Data    ZI Data      Debug   Object Name

       680         72          0         32          0       3193   application.o
      2052        296          0         28      13404       4840   comm.o
      1996        300          0         32      14428       4663   comm_esp8266.o
        32          0          0          0          0        508   core_cm3.o
       104          0          0          0          0        312   cortexm3_macro.o
      1138         98          0          0          0       3231   debugunit.o
      2064        566          0         23        288       8117   esp8266.o
         0          0          0         24        192        921   global.o
       504         34          0          8          0       2255   hal_cpu.o
       628          6          0          0         64       2421   hal_exti.o
       564         18          0          0        512      18329   hal_flash.o
       170          0          0          0          0       2350   hal_gpio.o
       528        108          0          0        512       2932   hal_iap.o
       892         26         12          0         36       3385   hal_rtc.o
      1892         86          0          7        416       5299   hal_timer.o
      2696        258          0          0        280      10649   hal_uart.o
       152         64          0          0          0      62719   main.o
       264         22          0          0          0     209176   misc.o
        16          4          0          2          0        806   osal_error.o
       496         54          0          6       1056       3441   osal_router.o
       148          4          0          4          0       1890   osal_sock.o
       476         10          0          2        600       2217   osal_task.o
        36          8        304          0       1024        808   startup_stm32f10x_hd.o
       196          8          0          0          0       3368   stm32f10x_bkp.o
       284         10          0          0          0       2123   stm32f10x_exti.o
      1468         34          0          0          0       8078   stm32f10x_flash.o
       860         38          0          0          0       5601   stm32f10x_gpio.o
        26          0          0          0          0       1154   stm32f10x_it.o
        64          6          0          0          0       1217   stm32f10x_iwdg.o
       204         14          0          0          0       1895   stm32f10x_pwr.o
       932         36          0         20          0       8732   stm32f10x_rcc.o
       328          4          0          0          0       2666   stm32f10x_rtc.o
      3610         88          0          0          0      22708   stm32f10x_tim.o
      1032         22          0          0          0       8328   stm32f10x_usart.o
       480         38          0         20          0       1635   system_stm32f10x.o
       188         14          0          4          0       1387   updateunit.o

    ----------------------------------------------------------------------
     27208       2346        348        220      32816     423354   Object Totals
         0          0         32          0          0          0   (incl. Generated)
         8          0          0          8          4          0   (incl. Padding)

    ----------------------------------------------------------------------

      Code (inc. data)   RO Data    RW Data    ZI Data      Debug   Library Member Name

         0          0          0          0          0          0   entry.o
         0          0          0          0          0          0   entry10a.o
         0          0          0          0          0          0   entry11a.o
         8          4          0          0          0          0   entry2.o
         4          0          0          0          0          0   entry5.o
         0          0          0          0          0          0   entry7b.o
         0          0          0          0          0          0   entry8b.o
         8          4          0          0          0          0   entry9a.o
        30          0          0          0          0          0   handlers.o
        36          8          0          0          0         68   init.o
        30          0          0          0          0         68   llshl.o
        32          0          0          0          0         68   llushr.o
        36          0          0          0          0         68   memcpya.o
        36          0          0          0          0        108   memseta.o
      1204         60          0          0          0        504   printf8.o
         0          0          0          4          0          0   stdout.o
        14          0          0          0          0         68   strlen.o
        36          0          0          0          0         80   strstr.o
        98          0          0          0          0         92   uldiv.o

    ----------------------------------------------------------------------
      1576         76          0          4          0       1124   Library Totals
         4          0          0          0          0          0   (incl. Padding)

    ----------------------------------------------------------------------

      Code (inc. data)   RO Data    RW Data    ZI Data      Debug   Library Name

      1572         76          0          4          0       1124   mc_w.l

    ----------------------------------------------------------------------
      1576         76          0          4          0       1124   Library Totals

    ----------------------------------------------------------------------

==============================================================================


      Code (inc. data)   RO Data    RW Data    ZI Data      Debug   

     28784       2422        348        224      32816     420938   Grand Totals
     28784       2422        348        224      32816     420938   ELF Image Totals
     28784       2422        348        224          0          0   ROM Totals

==============================================================================

    Total RO  Size (Code + RO Data)                29132 (  28.45kB)
    Total RW  Size (RW Data + ZI Data)             33040 (  32.27kB)
    Total ROM Size (Code + RO Data + RW Data)      29356 (  28.67kB)

==============================================================================

